
Memory Configuration

Name             Origin             Length             Attributes
Flash            0x00800000         0x00020000         xr
SRAM             0x02000000         0x00005000         xrw
*default*        0x00000000         0xffffffff

Linker script and memory map


.text           0x00800000      0x168
 *(.vectors*)
 *(.text*)
 .text          0x00800000       0x90 main.o
                0x00800000                NMI_Handler
                0x0080000c                main
 .text          0x00800090       0xd8 startup.o
                0x00800090                _sbark
                0x008000e8                Rest_Handler
                0x0080015c                Bus_Fault
                0x0080015c                Default_Handler
                0x0080015c                Usage_Fault_Handler
                0x0080015c                H_Fault_Handler
                0x0080015c                NM_Fault_Handler
 *(.rodata*)
                0x00800168                _E_text = .

.glue_7         0x00800168        0x0
 .glue_7        0x00800168        0x0 linker stubs

.glue_7t        0x00800168        0x0
 .glue_7t       0x00800168        0x0 linker stubs

.vfp11_veneer   0x00800168        0x0
 .vfp11_veneer  0x00800168        0x0 linker stubs

.v4_bx          0x00800168        0x0
 .v4_bx         0x00800168        0x0 linker stubs

.iplt           0x00800168        0x0
 .iplt          0x00800168        0x0 main.o

.rel.dyn        0x00800168        0x0
 .rel.iplt      0x00800168        0x0 main.o

.data           0x02000000       0x20 load address 0x00800168
                0x02000000                _S_DATA = .
 *(.data*)
 .data          0x02000000        0x4 main.o
                0x02000000                R_ODR
 .data          0x02000004       0x1c startup.o
                0x02000004                vectors
                0x02000020                . = ALIGN (0x4)
                0x02000020                _E_DETA = .

.igot.plt       0x02000020        0x0 load address 0x00800188
 .igot.plt      0x02000020        0x0 main.o

.bss            0x02000020     0x2004 load address 0x00800188
                0x02000020                _S_BSS = .
 *(.bss*)
 .bss           0x02000020        0x0 main.o
 .bss           0x02000020        0x4 startup.o
                0x02000024                . = ALIGN (0x4)
                0x02000024                _E_BSS = .
                0x02000024                . = ALIGN (0x4)
                0x02001024                . = (. + 0x1000)
 *fill*         0x02000024     0x1000 
                0x02001024                _heap_End = .
                0x02001024                . = ALIGN (0x4)
                0x02002024                . = (. + 0x1000)
 *fill*         0x02001024     0x1000 
                0x02002024                _stack_top = .
LOAD main.o
LOAD startup.o
OUTPUT(uni3_lab5.elf elf32-littlearm)

.debug_info     0x00000000     0x15b3
 .debug_info    0x00000000      0xaa1 main.o
 .debug_info    0x00000aa1      0xb12 startup.o

.debug_abbrev   0x00000000      0x42b
 .debug_abbrev  0x00000000      0x20f main.o
 .debug_abbrev  0x0000020f      0x21c startup.o

.debug_loc      0x00000000      0x154
 .debug_loc     0x00000000       0x7c main.o
 .debug_loc     0x0000007c       0xd8 startup.o

.debug_aranges  0x00000000       0x40
 .debug_aranges
                0x00000000       0x20 main.o
 .debug_aranges
                0x00000020       0x20 startup.o

.debug_line     0x00000000      0x362
 .debug_line    0x00000000      0x1a5 main.o
 .debug_line    0x000001a5      0x1bd startup.o

.debug_str      0x00000000      0x5c3
 .debug_str     0x00000000      0x522 main.o
                                0x58a (size before relaxing)
 .debug_str     0x00000522       0xa1 startup.o
                                0x5eb (size before relaxing)

.comment        0x00000000       0x7e
 .comment       0x00000000       0x7e main.o
                                 0x7f (size before relaxing)
 .comment       0x0000007e       0x7f startup.o

.ARM.attributes
                0x00000000       0x33
 .ARM.attributes
                0x00000000       0x33 main.o
 .ARM.attributes
                0x00000033       0x33 startup.o

.debug_frame    0x00000000       0xc8
 .debug_frame   0x00000000       0x50 main.o
 .debug_frame   0x00000050       0x78 startup.o
