
Memory Configuration

Name             Origin             Length             Attributes
Mem              0x00000000         0x04000000         xrw
*default*        0x00000000         0xffffffff

Linker script and memory map

                0x00010000                . = 0x10000

.Reset          0x00000000        0xc
 startup.o(.text)
 .text          0x00000000        0xc startup.o
                0x00000000                reset

.Text           0x0000000c       0x78
 *(.text)
 .text          0x0000000c       0x1c app.o
                0x0000000c                main
 .text          0x00000028       0x5c uart.o
                0x00000028                Uart_SendString

.glue_7         0x00000084        0x0
 .glue_7        0x00000084        0x0 linker stubs

.glue_7t        0x00000084        0x0
 .glue_7t       0x00000084        0x0 linker stubs

.vfp11_veneer   0x00000084        0x0
 .vfp11_veneer  0x00000084        0x0 linker stubs

.v4_bx          0x00000084        0x0
 .v4_bx         0x00000084        0x0 linker stubs

.iplt           0x00000084        0x0
 .iplt          0x00000084        0x0 startup.o

.igot.plt       0x00000084        0x0
 .igot.plt      0x00000084        0x0 startup.o

.rel.dyn        0x00000084        0x0
 .rel.iplt      0x00000084        0x0 startup.o

.Data           0x00000084       0x64
 *(.data)
 .data          0x00000084        0x0 startup.o
 .data          0x00000084       0x64 app.o
                0x00000084                string_buffer
 .data          0x000000e8        0x0 uart.o

.Bss            0x000000e8        0x0
 *(.bss)
 .bss           0x000000e8        0x0 startup.o
 .bss           0x000000e8        0x0 app.o
 .bss           0x000000e8        0x0 uart.o
                0x000100e8                . = (. + 0x10000)
                0x000100e8                stack_top = .
LOAD startup.o
LOAD app.o
LOAD uart.o
OUTPUT(learn-in-depth.elf elf32-littlearm)

.ARM.attributes
                0x00000000       0x2e
 .ARM.attributes
                0x00000000       0x22 startup.o
 .ARM.attributes
                0x00000022       0x32 app.o
 .ARM.attributes
                0x00000054       0x32 uart.o

.comment        0x00000000       0x7e
 .comment       0x00000000       0x7e app.o
                                 0x7f (size before relaxing)
 .comment       0x0000007e       0x7f uart.o
