
Memory Configuration

Name             Origin             Length             Attributes
Flash            0x00800000         0x00020000         xr
SRAM             0x02000000         0x00005000         xrw
*default*        0x00000000         0xffffffff

Linker script and memory map


.text           0x00800000       0x9c
 *(.vectors*)
 *(.text*)
 .text          0x00800000       0x84 main.o
                0x00800000                NMI_Handler
                0x0080000c                main
 .text          0x00800084       0x18 startup.o
                0x00800084                H_Fault_Handler
                0x00800084                Bus_Fault
                0x00800084                Default_Handler
                0x00800084                Usage_Fault_Handler
                0x00800084                NM_Fault_Handler
                0x00800090                Rest_Handler
 *(.rodata*)
                0x0080009c                _E_text = .

.glue_7         0x0080009c        0x0
 .glue_7        0x0080009c        0x0 linker stubs

.glue_7t        0x0080009c        0x0
 .glue_7t       0x0080009c        0x0 linker stubs

.vfp11_veneer   0x0080009c        0x0
 .vfp11_veneer  0x0080009c        0x0 linker stubs

.v4_bx          0x0080009c        0x0
 .v4_bx         0x0080009c        0x0 linker stubs

.iplt           0x0080009c        0x0
 .iplt          0x0080009c        0x0 main.o

.rel.dyn        0x0080009c        0x0
 .rel.iplt      0x0080009c        0x0 main.o

.data           0x02000000       0x20 load address 0x0080009c
                0x02000000                _S_DATA = .
 *(.data*)
 .data          0x02000000        0x4 main.o
                0x02000000                R_ODR
 .data          0x02000004       0x1c startup.o
                0x02000004                vectors
                0x02000020                . = ALIGN (0x4)
                0x02000020                _E_DETA = .

.igot.plt       0x02000020        0x0 load address 0x008000bc
 .igot.plt      0x02000020        0x0 main.o

.bss            0x02000020     0x1000 load address 0x008000bc
                0x02000020                _S_BSS = .
 *(.bss*)
 .bss           0x02000020        0x0 main.o
 .bss           0x02000020        0x0 startup.o
                0x02000020                . = ALIGN (0x4)
                0x02000020                _E_BSS = .
                0x02000020                . = ALIGN (0x4)
                0x02001020                . = (. + 0x1000)
 *fill*         0x02000020     0x1000 
                0x02001020                _stack_top = .
LOAD main.o
LOAD startup.o
OUTPUT(learn_in_depth_cortex_m3.elf elf32-littlearm)

.debug_info     0x00000000      0x296
 .debug_info    0x00000000      0x177 main.o
 .debug_info    0x00000177      0x11f startup.o

.debug_abbrev   0x00000000      0x18a
 .debug_abbrev  0x00000000      0x105 main.o
 .debug_abbrev  0x00000105       0x85 startup.o

.debug_loc      0x00000000       0xd4
 .debug_loc     0x00000000       0x7c main.o
 .debug_loc     0x0000007c       0x58 startup.o

.debug_aranges  0x00000000       0x40
 .debug_aranges
                0x00000000       0x20 main.o
 .debug_aranges
                0x00000020       0x20 startup.o

.debug_line     0x00000000       0xea
 .debug_line    0x00000000       0x81 main.o
 .debug_line    0x00000081       0x69 startup.o

.debug_str      0x00000000      0x1ab
 .debug_str     0x00000000      0x156 main.o
                                0x18b (size before relaxing)
 .debug_str     0x00000156       0x55 startup.o
                                0x1a4 (size before relaxing)

.comment        0x00000000       0x7e
 .comment       0x00000000       0x7e main.o
                                 0x7f (size before relaxing)
 .comment       0x0000007e       0x7f startup.o

.ARM.attributes
                0x00000000       0x33
 .ARM.attributes
                0x00000000       0x33 main.o
 .ARM.attributes
                0x00000033       0x33 startup.o

.debug_frame    0x00000000       0x94
 .debug_frame   0x00000000       0x4c main.o
 .debug_frame   0x0000004c       0x48 startup.o
