
Memory Configuration

Name             Origin             Length             Attributes
Flash            0x00000000         0x20000000         xr
SRAM             0x02000000         0x20000000         xrw
*default*        0x00000000         0xffffffff

Linker script and memory map


.text           0x00000000      0x118
 *(.vectors*)
 .vectors       0x00000000       0x18 startup.o
                0x00000000                G_P_Vectors
 *(.text*)
 .text          0x00000018       0x80 main.o
                0x00000018                main
 .text          0x00000098       0x80 startup.o
                0x00000098                Rest_Handler
                0x0000010c                H_Fault_Handler
                0x0000010c                Bus_Fault
                0x0000010c                Default_Handler
                0x0000010c                Usage_Fault_Handler
                0x0000010c                NMI_Handler
                0x0000010c                NM_Fault_Handler
 *(.rodata*)
                0x00000118                _E_text = .

.glue_7         0x00000118        0x0
 .glue_7        0x00000118        0x0 linker stubs

.glue_7t        0x00000118        0x0
 .glue_7t       0x00000118        0x0 linker stubs

.vfp11_veneer   0x00000118        0x0
 .vfp11_veneer  0x00000118        0x0 linker stubs

.v4_bx          0x00000118        0x0
 .v4_bx         0x00000118        0x0 linker stubs

.iplt           0x00000118        0x0
 .iplt          0x00000118        0x0 main.o

.rel.dyn        0x00000118        0x0
 .rel.iplt      0x00000118        0x0 main.o

.data           0x02000000        0x0 load address 0x00000118
                0x02000000                _S_DATA = .
 *(.data*)
 .data          0x02000000        0x0 main.o
 .data          0x02000000        0x0 startup.o
                0x02000000                . = ALIGN (0x4)
                0x02000000                _E_DETA = .

.igot.plt       0x02000000        0x0 load address 0x00000118
 .igot.plt      0x02000000        0x0 main.o

.bss            0x02000000      0x400 load address 0x00000118
                0x02000000                _S_BSS = .
 *(.bss*)
 .bss           0x02000000        0x0 main.o
 .bss           0x02000000      0x400 startup.o
                0x02000400                . = ALIGN (0x4)
                0x02000400                _E_BSS = .
LOAD main.o
LOAD startup.o
OUTPUT(unit3_lab4_cortex_m4.elf elf32-littlearm)

.debug_info     0x00000000      0x2ab
 .debug_info    0x00000000       0xc2 main.o
 .debug_info    0x000000c2      0x1e9 startup.o

.debug_abbrev   0x00000000      0x167
 .debug_abbrev  0x00000000       0x76 main.o
 .debug_abbrev  0x00000076       0xf1 startup.o

.debug_loc      0x00000000       0xb4
 .debug_loc     0x00000000       0x38 main.o
 .debug_loc     0x00000038       0x7c startup.o

.debug_aranges  0x00000000       0x40
 .debug_aranges
                0x00000000       0x20 main.o
 .debug_aranges
                0x00000020       0x20 startup.o

.debug_line     0x00000000      0x117
 .debug_line    0x00000000       0x89 main.o
 .debug_line    0x00000089       0x8e startup.o

.debug_str      0x00000000      0x1c1
 .debug_str     0x00000000      0x12b main.o
                                0x157 (size before relaxing)
 .debug_str     0x0000012b       0x96 startup.o
                                0x1e8 (size before relaxing)

.comment        0x00000000       0x7e
 .comment       0x00000000       0x7e main.o
                                 0x7f (size before relaxing)
 .comment       0x0000007e       0x7f startup.o

.ARM.attributes
                0x00000000       0x33
 .ARM.attributes
                0x00000000       0x33 main.o
 .ARM.attributes
                0x00000033       0x33 startup.o

.debug_frame    0x00000000       0x7c
 .debug_frame   0x00000000       0x2c main.o
 .debug_frame   0x0000002c       0x50 startup.o
